*** EVALUATION ***
PROGRAM "F:\OneDrive\Kettering\CE 320 Intro to Microcomputers\Labs\2024 spring\lab02\bin\Project.abs"

*********************************************************************************************
TARGET SECTION
---------------------------------------------------------------------------------------------
Processor   : Freescale HC12
Memory Model: SMALL
File Format : ELF\DWARF 2.0
Linker      : SmartLinker V-5.0.52 Build 15249, Sep  7 2015

*********************************************************************************************
FILE SECTION
---------------------------------------------------------------------------------------------
lab02_main.asm.o                        Model: SMALL,         Lang: Assembler,     Compiler Version: Assembler for HC12 V-5.0.32 Build 15249, Sep  7 2015

*********************************************************************************************
STARTUP SECTION
---------------------------------------------------------------------------------------------
Entry point: 0xC000 (Entry)

*********************************************************************************************
SECTION-ALLOCATION SECTION
Section Name                    Size  Type     From       To       Segment
---------------------------------------------------------------------------------------------
.init                             18     R     0xC000     0xC011   ROM_C000
.stack                           256   R/W     0x2000     0x20FF   RAM
lab02_main.asm__ORG00001           4     R     0x3020     0x3023   .absSeg0
lab02_main.asm__ORG00002           7     R     0x3040     0x3046   .absSeg1
lab02_main.asm__ORG00003          12     R     0x3060     0x306B   .absSeg2
lab02_main.asm__ORG00004         501     R     0x3100     0x32F4   .absSeg3
.vectSeg4_vect                     2     R     0xFFFE     0xFFFF   .vectSeg4

Summary of section sizes per section type:
READ_ONLY (R):         220 (dec:      544)
READ_WRITE (R/W):      100 (dec:      256)

*********************************************************************************************
VECTOR-ALLOCATION SECTION
    Address     InitValue   InitFunction
---------------------------------------------------------------------------------------------
     0xFFFE        0xC000   Entry

*********************************************************************************************
OBJECT-ALLOCATION SECTION
     Name               Module                 Addr   hSize   dSize     Ref    Section   RLIB
---------------------------------------------------------------------------------------------
MODULE:                 -- lab02_main.asm.o --
- PROCEDURES:
     Entry                                     C000       5       5       0   .init       
     _Startup                                  C000       0       0       0   .init       
     main                                      C000       0       0       0   .init       
     loop                                      C005       8       8       0   .init       
     foundEnd                                  C00D       3       3       0   .init       
     endmain                                   C010       2       2       0   .init       
- VARIABLES:
     VAR00001                                  3020       4       4       0   .text       
     VAR00002                                  3040       7       7       0   .text       
     VAR00003                                  3060       C      12       0   .text       
     VAR00004                                  3100     1F4     500       0   .text       
     VAR00005                                  32F4       1       1       0   .text       

*********************************************************************************************
MODULE STATISTIC
  Name                                      Data   Code  Const
---------------------------------------------------------------------------------------------
  lab02_main.asm.o                             0     18    524
  other                                      256      2      0

*********************************************************************************************
SECTION USE IN OBJECT-ALLOCATION SECTION
---------------------------------------------------------------------------------------------
SECTION: ".text"
  VAR00001 VAR00002 VAR00003 VAR00004 VAR00005 
SECTION: ".init"
  main _Startup Entry loop foundEnd endmain 

*********************************************************************************************
OBJECT LIST SORTED BY ADDRESS
     Name                                      Addr   hSize   dSize     Ref    Section   RLIB
---------------------------------------------------------------------------------------------
     VAR00001                                  3020       4       4       0   .text       
     VAR00002                                  3040       7       7       0   .text       
     VAR00003                                  3060       C      12       0   .text       
     VAR00004                                  3100     1F4     500       0   .text       
     VAR00005                                  32F4       1       1       0   .text       
     main                                      C000       0       0       0   .init       
     _Startup                                  C000       0       0       0   .init       
     Entry                                     C000       5       5       0   .init       
     loop                                      C005       8       8       0   .init       
     foundEnd                                  C00D       3       3       0   .init       
     endmain                                   C010       2       2       0   .init       

*********************************************************************************************
UNUSED-OBJECTS SECTION
---------------------------------------------------------------------------------------------

*********************************************************************************************
COPYDOWN SECTION
---------------------------------------------------------------------------------------------

*********************************************************************************************
OBJECT-DEPENDENCIES SECTION
---------------------------------------------------------------------------------------------

*********************************************************************************************
DEPENDENCY TREE
*********************************************************************************************
 main and _Startup Group
 | 
 +- main                
 |    
 +- Entry               
      
*********************************************************************************************
STATISTIC SECTION
---------------------------------------------------------------------------------------------

ExeFile:
--------
Number of blocks to be downloaded: 6
Total size of all blocks to be downloaded: 544

